


--------------------------------------------------------------------------------

LOG FILE FOR HEADER SYNC RUNS;

--------------------------------------------------------------------------------



-------------------------------------------------------------------------------
- Initial Creation Note : (METADATA)
-
- On 03-11-2025  finally the long term dream of automating hadersync was created.
- With growing number of functions and repos it was getting extremly difficult to keep changes in 
- each of these repos under manual track. Hence there was a long term plan to have create a single
- .header repo that contains all the header files and have these refletcted on 
- all other repos as needed.
- 
-
- That master .header repo is now available at : https://github.com/sagnikrg/.header
-
- While modifying the old headersync.bat script to make it as automated as possible, we switched to using robocopy instead of xcopy.
- to mirror directories and delete files that are not present in source. It also samples the repo names directly now, so that this script
- can be made part of .template and be used exactly as intended without any manual modifications.
-
-
- While working on this I also realised it can also be used to automatically print logs in journal style, saving us from the trouble of manually udating wiki!
-
-
- This file is the result of that effort and henceforth will contain all the logs of
- ALL updates in the https://github.com/sagnikrg/.header repo! :D
-
-
-
-
-
- PS: This new script will also be modded soon to create the new bibsync.bat to sync the splitted .bib files from notes/tex/.src/.bib
- to completely automate the two most time consuming redundant tasks.
-
-
- You are Welcome ! :D  
-
- Sagnik (sagnikrg)
--------------------------------------------------------------------------------









==== [03-11-2025  2:57:53.25] Header mirror run ====
Repo        : info-lattice-fisher-information
Source      : C:\Users\Ritam\OneDrive\Documents\Codespaces\.header\.header\.src
Destination : C:\Users\Ritam\OneDrive\Documents\Codespaces\info-lattice-fisher-information\code\.header\.src
Commit Msg  : headersync init 
Commit Hash : 
-------------------------------------------------------------------------------
   ROBOCOPY     ::     Robust File Copy for Windows                              
-------------------------------------------------------------------------------
  Started : 03 November 2025 02:57:53
   Source : .header\.src\
     Dest : info-lattice-fisher-information\code\.header\.src\
    Files : *.*
	    
  Options : *.* /FFT /TEE /S /E /DCOPY:T /COPY:DAT /PURGE /MIR /XJ /MT:8 /R:1 /W:1 
------------------------------------------------------------------------------
	  *EXTRA File 		    1456		  *EXTRA File 		    1580	
info-lattice-fisher-information\code\.header\.src\functions\eigenstatistics.jlinfo-lattice-fisher-information\code\.header\.src\hdf5\attrsMods.jl	  *EXTRA File 		     795	info-lattice-fisher-information\code\.header\.src\info_lattice\draw_infolattice.py
	  *EXTRA File 		     127	info-lattice-fisher-information\code\.header\.src\hdf5\hdf5Mods.jl
	    New File  		       0	.header\.src\circuit\time_crystal_temp_noise.jl
100%  
	    New File  		      66	.header\.src\eigen_statistics\cumulative_density.jl
100%  
	    New File  		     195	.header\.src\eigen_statistics\eigen_statistics.jl
100%  
	    New File  		    1585	.header\.src\eigen_statistics\level_spacing.jl
100%  
	    New File  		       0	.header\.src\eigen_statistics\power_spectral_density.jl
100%  
	    New File  		    1149	.header\.src\plotmods\finite-size-eigstat.jl
100%  
	    New File  		    3511	.header\.src\plotmods\heatmap.jl
100%  
	    New File  		     229	.header\.src\eigen_statistics\resampling\resampler.jl
100%  
	    New File  		    1140	.header\.src\hdf5\attributes_baf_mods.jl
100%  
	    New File  		     540	.header\.src\hdf5\attributes_extract.jl
100%  
	    New File  		    1129	.header\.src\hdf5\attributes_mods.jl
100%  
	    New File  		     205	.header\.src\hdf5\hdf5_mods.jl
100%  
------------------------------------------------------------------------------
               Total    Copied   Skipped  Mismatch    FAILED    Extras
    Dirs :        12        12        10         0         0         0
   Files :        35        12        23         0         0         4
   Bytes :    60.4 k     9.5 k    50.9 k         0         0     3.8 k
   Times :   0:00:00   0:00:00                       0:00:00   0:00:00
   Speed :            4,06,208 Bytes/sec.
   Speed :              23.243 MegaBytes/min.
   Ended : 03 November 2025 02:57:53

==== End of run ====








==== [08-11-2025 15:15:41.44] Header mirror run ====
Repo        : info-lattice-fisher-information
Source      : C:\Users\Ritam\OneDrive\Documents\Codespaces\.header\.header\.src
Destination : C:\Users\Ritam\OneDrive\Documents\Codespaces\info-lattice-fisher-information\code\.header\.src
Commit Msg  : pulling the new eigstat func
Commit Hash : 
-------------------------------------------------------------------------------
   ROBOCOPY     ::     Robust File Copy for Windows                              
-------------------------------------------------------------------------------
  Started : 08 November 2025 15:15:41
   Source : .header\.src\
     Dest : info-lattice-fisher-information\code\.header\.src\
    Files : *.*
	    
  Options : *.* /FFT /TEE /S /E /DCOPY:T /COPY:DAT /PURGE /MIR /XJ /MT:8 /R:1 /W:1 
------------------------------------------------------------------------------
	  *EXTRA File 		    1149	info-lattice-fisher-information\code\.header\.src\plotmods\finite-size-eigstat.jl
	    Newer     		     196	.header\.src\eigen_statistics\eigen_statistics.jl100%  
	    New File  		    1133	.header\.src\plotmods\circplot.jl100%  
	    New File  		    2224	.header\.src\plotmods\finite_size_eigstat.jl100%  
	    Newer     		     155	.header\.src\plotmods\plotmods.jl100%  
------------------------------------------------------------------------------
               Total    Copied   Skipped  Mismatch    FAILED    Extras
    Dirs :        12        12        12         0         0         0
   Files :        36         4        32         0         0         1
   Bytes :    61.6 k     3.6 k    58.0 k         0         0     1.1 k
   Times :   0:00:00   0:00:00                       0:00:00   0:00:00
   Speed :            3,09,000 Bytes/sec.
   Speed :              17.681 MegaBytes/min.
   Ended : 08 November 2025 15:15:41

==== End of run ====








==== [20-11-2025 13:03:24.66] Header mirror run ====
Repo        : info-lattice-fisher-information
Source      : C:\Users\Ritam\OneDrive\Documents\Codespaces\.header\.header\.src
Destination : C:\Users\Ritam\OneDrive\Documents\Codespaces\info-lattice-fisher-information\code\.header\.src
Commit Msg  : syncing headers before initing reverse test
Commit Hash : 
-------------------------------------------------------------------------------
   ROBOCOPY     ::     Robust File Copy for Windows                              
-------------------------------------------------------------------------------
  Started : 20 November 2025 13:03:24
   Source : .header\.src\
     Dest : info-lattice-fisher-information\code\.header\.src\
    Files : *.*
	    
  Options : *.* /FFT /TEE /S /E /DCOPY:T /COPY:DAT /PURGE /MIR /XJ /MT:8 /R:1 /W:1 
------------------------------------------------------------------------------
	    Older     		    3495	.header\.src\circuit\heisenberg.jl100%  
	    Newer     		    3146	.header\.src\circuit\time_crystals.jl100%  
	    Older     		    1129	.header\.src\hdf5\attributes_mods.jl100%  
	    Newer     		    2924	.header\.src\plotmods\finite_size_eigstat.jl100%  
	    New File  		     221	.header\.src\plotmods\finite_size_eigstat_dependencies.jl100%  
	    New File  		    3536	.header\.src\plotmods\finite_size_eigstat_inset.jl100%  
	    Newer     		     184	.header\.src\plotmods\plotmods.jl100%  
------------------------------------------------------------------------------
               Total    Copied   Skipped  Mismatch    FAILED    Extras
    Dirs :        12        12        12         0         0         0
   Files :        38         7        31         0         0         0
   Bytes :    66.4 k    14.2 k    52.1 k         0         0         0
   Times :   0:00:00   0:00:00                       0:00:00   0:00:00
   Speed :           11,25,769 Bytes/sec.
   Speed :              64.417 MegaBytes/min.
   Ended : 20 November 2025 13:03:24

==== End of run ====








==== [20-11-2025 13:13:03.27] Header mirror run ====
Repo        : info-lattice-fisher-information
Source      : C:\Users\Ritam\OneDrive\Documents\Codespaces\info-lattice-fisher-information\code\.header\.src
Destination : C:\Users\Ritam\OneDrive\Documents\Codespaces\.header\.header\.src
Commit Msg  : [brickwall] old functions deleted; odd chains re-instated
Commit Hash : 
-------------------------------------------------------------------------------
   ROBOCOPY     ::     Robust File Copy for Windows                              
-------------------------------------------------------------------------------
  Started : 20 November 2025 13:13:03
   Source : .header\.src\
     Dest : info-lattice-fisher-information\code\.header\.src\
    Files : *.*
	    
  Options : *.* /FFT /TEE /S /E /DCOPY:T /COPY:DAT /PURGE /MIR /XJ /MT:8 /R:1 /W:1 
------------------------------------------------------------------------------
	    Newer     		    1355	.header\.src\circuit\brickwall.jl100%  
------------------------------------------------------------------------------
               Total    Copied   Skipped  Mismatch    FAILED    Extras
    Dirs :        12        12        12         0         0         0
   Files :        38         1        37         0         0         0
   Bytes :    64.8 k     1.3 k    63.4 k         0         0         0
   Times :   0:00:00   0:00:00                       0:00:00   0:00:00
   Speed :            6,77,500 Bytes/sec.
   Speed :              38.767 MegaBytes/min.
   Ended : 20 November 2025 13:13:03

==== End of run ====








==== [20-11-2025 13:54:13.36] Header mirror run ====
Repo        : info-lattice-fisher-information
Source      : C:\Users\Ritam\OneDrive\Documents\Codespaces\info-lattice-fisher-information\code\.header\.src
Destination : C:\Users\Ritam\OneDrive\Documents\Codespaces\.header\.header\.src
Commit Msg  : [heisenberg.jl] brickwall, circuits split; tests added successfully
Commit Hash : 
-------------------------------------------------------------------------------
   ROBOCOPY     ::     Robust File Copy for Windows                              
-------------------------------------------------------------------------------
  Started : 20 November 2025 13:54:13
   Source : .header\.src\
     Dest : info-lattice-fisher-information\code\.header\.src\
    Files : *.*
	    
  Options : *.* /FFT /TEE /S /E /DCOPY:T /COPY:DAT /PURGE /MIR /XJ /MT:8 /R:1 /W:1 
------------------------------------------------------------------------------
	    Newer     		    4067	.header\.src\circuit\heisenberg.jl100%  
	    Newer     		    2915	.header\.src\info_lattice\draw_info_lattice.jl100%  
------------------------------------------------------------------------------
               Total    Copied   Skipped  Mismatch    FAILED    Extras
    Dirs :        12        12        12         0         0         0
   Files :        38         2        36         0         0         0
   Bytes :    65.3 k     6.8 k    58.5 k         0         0         0
   Times :   0:00:00   0:00:00                       0:00:00   0:00:00
   Speed :           17,45,500 Bytes/sec.
   Speed :              99.878 MegaBytes/min.
   Ended : 20 November 2025 13:54:13

==== End of run ====








==== [20-11-2025 14:06:25.19] Header mirror run ====
Repo        : info-lattice-fisher-information
Source      : C:\Users\Ritam\OneDrive\Documents\Codespaces\info-lattice-fisher-information\code\.header\.src
Destination : C:\Users\Ritam\OneDrive\Documents\Codespaces\.header\.header\.src
Commit Msg  : [time_crystals.jl] brickwall and ckt functions split; all test ok
Commit Hash : 
-------------------------------------------------------------------------------
   ROBOCOPY     ::     Robust File Copy for Windows                              
-------------------------------------------------------------------------------
  Started : 20 November 2025 14:06:25
   Source : .header\.src\
     Dest : info-lattice-fisher-information\code\.header\.src\
    Files : *.*
	    
  Options : *.* /FFT /TEE /S /E /DCOPY:T /COPY:DAT /PURGE /MIR /XJ /MT:8 /R:1 /W:1 
------------------------------------------------------------------------------
	    Newer     		    3844	.header\.src\circuit\time_crystals.jl100%  
------------------------------------------------------------------------------
               Total    Copied   Skipped  Mismatch    FAILED    Extras
    Dirs :        12        12        12         0         0         0
   Files :        38         1        37         0         0         0
   Bytes :    66.0 k     3.7 k    62.2 k         0         0         0
   Times :   0:00:00   0:00:00                       0:00:00   0:00:00
   Speed :           19,22,000 Bytes/sec.
   Speed :             109.978 MegaBytes/min.
   Ended : 20 November 2025 14:06:25

==== End of run ====








==== [20-11-2025 14:28:38.37] Header mirror run ====
Repo        : info-lattice-fisher-information
Source      : C:\Users\Ritam\OneDrive\Documents\Codespaces\info-lattice-fisher-information\code\.header\.src
Destination : C:\Users\Ritam\OneDrive\Documents\Codespaces\.header\.header\.src
Commit Msg  : [abanin.jl] init
Commit Hash : 
-------------------------------------------------------------------------------
   ROBOCOPY     ::     Robust File Copy for Windows                              
-------------------------------------------------------------------------------
  Started : 20 November 2025 14:28:38
   Source : .header\.src\
     Dest : info-lattice-fisher-information\code\.header\.src\
    Files : *.*
	    
  Options : *.* /FFT /TEE /S /E /DCOPY:T /COPY:DAT /PURGE /MIR /XJ /MT:8 /R:1 /W:1 
------------------------------------------------------------------------------
	    New File  		    3456	.header\.src\circuit\abanin.jl100%  
	    Newer     		    3844	.header\.src\circuit\time_crystals.jl100%  
------------------------------------------------------------------------------
               Total    Copied   Skipped  Mismatch    FAILED    Extras
    Dirs :        12        12        12         0         0         0
   Files :        39         2        37         0         0         0
   Bytes :    69.4 k     7.1 k    62.2 k         0         0         0
   Times :   0:00:00   0:00:00                       0:00:00   0:00:00
   Speed :           24,33,333 Bytes/sec.
   Speed :             139.236 MegaBytes/min.
   Ended : 20 November 2025 14:28:38

==== End of run ====








==== [20-11-2025 14:53:45.27] Header mirror run ====
Repo        : info-lattice-fisher-information
Source      : C:\Users\Ritam\OneDrive\Documents\Codespaces\info-lattice-fisher-information\code\.header\.src
Destination : C:\Users\Ritam\OneDrive\Documents\Codespaces\.header\.header\.src
Commit Msg  : Abanin test finished; MeanLevelSpacingRatio Added
Commit Hash : 
-------------------------------------------------------------------------------
   ROBOCOPY     ::     Robust File Copy for Windows                              
-------------------------------------------------------------------------------
  Started : 20 November 2025 14:53:45
   Source : .header\.src\
     Dest : info-lattice-fisher-information\code\.header\.src\
    Files : *.*
	    
  Options : *.* /FFT /TEE /S /E /DCOPY:T /COPY:DAT /PURGE /MIR /XJ /MT:8 /R:1 /W:1 
------------------------------------------------------------------------------
	    Newer     		    3456	.header\.src\circuit\abanin.jl100%  
	    Newer     		    1691	.header\.src\eigen_statistics\level_spacing.jl100%  
------------------------------------------------------------------------------
               Total    Copied   Skipped  Mismatch    FAILED    Extras
    Dirs :        12        12        12         0         0         0
   Files :        39         2        37         0         0         0
   Bytes :    69.5 k     5.0 k    64.4 k         0         0         0
   Times :   0:00:00   0:00:00                       0:00:00   0:00:00
   Speed :           12,86,750 Bytes/sec.
   Speed :              73.628 MegaBytes/min.
   Ended : 20 November 2025 14:53:45

==== End of run ====







